# serializer version: 1
# name: test_docs_mcp_server_has_search_tool
  Tool(name='search_prefect', title=None, description='Search the Prefect knowledgebase for documentation on concepts, usage, and best practices.', inputSchema={'properties': {'query': {'description': "a search query to find relevant document excerpts from Prefect's knowledgebase", 'title': 'Query', 'type': 'string'}, 'top_k': {'anyOf': [{'maximum': 20, 'minimum': 1, 'type': 'integer'}, {'type': 'null'}], 'default': None, 'description': 'How many document excerpts to return.', 'title': 'Top K'}}, 'required': ['query'], 'type': 'object'}, outputSchema={'additionalProperties': True, 'type': 'object'}, annotations=None, meta={'_fastmcp': {'tags': []}})
# ---
# name: test_search_prefect_successful_query
  CallToolResult(content=[TextContent(type='text', text='{"query":"how to create a flow","namespace":"prefect-docs-for-mcp","results":[{"snippet":"# Create Flow\\n\\n> Gracefully creates a new flow from the provided schema. If a flow with the\\nsame name already exists, the existing flow is returned.\\n\\nFor more information, see https://docs.prefect.io/v3/concepts/flows.\\n\\n## OpenAPI\\n\\n````yaml post /api/flows/\\npaths:\\n  path: /api/flows/\\n  method: post\\n  request:\\n    security: []\\n    parameters:\\n      path: {}\\n      query: {}\\n      header:\\n        x-prefect-api-version:\\n          schema:\\n            - type: string\\n              required: false\\n              title: X-Prefect-Api-Version\\n      cookie: {}\\n    body:\\n      application/json:\\n        schemaArray:\\n          - type: object\\n            properties:\\n              name:\\n                allOf:\\n                  - type: string\\n                    pattern: ^[^/%&><]+$\\n                    title: Name\\n                    description: The name of the flow\\n                    examples:\\n                      - my-flow\\n              tags:\\n                allOf:\\n                  - items:\\n                      type: string\\n                    type: array\\n                    title: Tags\\n                    description: A list of flow tags\\n                    examples:\\n                      - - tag-1\\n                        - tag-2\\n              labels:\\n                allOf:\\n                  - anyOf:\\n                      - additionalProperties:\\n                          anyOf:\\n                            - type: boolean\\n                            - type: integer\\n                            - type: number\\n                            - type: string\\n                        type: object\\n                      - type: \'null\'\\n                    title: Labels\\n                    description: >-\\n                      A dictionary of key-value labels. Values can be strings,\\n                      numbers, or booleans.\\n                    examples:\\n                      - key: value1\\n                        key2: 42\\n            required: true\\n            title: FlowCreate\\n            description: Data used by the Prefect REST API to create a flow.\\n            refIdentifier: \'#/components/schemas/FlowCreate\'\\n            requiredProperties:\\n              - name\\n            additionalProperties: false\\n        examples:\\n          example:\\n            value:\\n              name: my-flow\\n              tags:\\n                - tag-1\\n                - tag-2\\n              labels:\\n                key: value1\\n                key2: 42\\n  response:\\n    \'200\':\\n      application/json:\\n        schemaArray:\\n          - type: object\\n            properties:\\n              id:\\n                allOf:\\n                  - type: string\\n                    format: uuid\\n                    title: Id\\n              created:\\n                allOf:\\n                  - anyOf:\\n                      - type: string\\n                        format: date-time\\n                      - type: \'null\'\\n                    title: Created\\n              updated:\\n                allOf:\\n                  - anyOf:\\n                      - type: string\\n                        format: date-time\\n                      - type: \'null\'\\n                    title: Updated\\n              name:\\n                allOf:\\n                  - type: string\\n                    pattern: ^[^/%&><]+$\\n                   ","id":"doc_0ebc6ae1-884b-4471-80c6-1cc06d55eb4f","score":0.3802631}]}', annotations=None, meta=None)], structured_content={'query': 'how to create a flow', 'namespace': 'prefect-docs-for-mcp', 'results': [{'snippet': "# Create Flow\n\n> Gracefully creates a new flow from the provided schema. If a flow with the\nsame name already exists, the existing flow is returned.\n\nFor more information, see https://docs.prefect.io/v3/concepts/flows.\n\n## OpenAPI\n\n````yaml post /api/flows/\npaths:\n  path: /api/flows/\n  method: post\n  request:\n    security: []\n    parameters:\n      path: {}\n      query: {}\n      header:\n        x-prefect-api-version:\n          schema:\n            - type: string\n              required: false\n              title: X-Prefect-Api-Version\n      cookie: {}\n    body:\n      application/json:\n        schemaArray:\n          - type: object\n            properties:\n              name:\n                allOf:\n                  - type: string\n                    pattern: ^[^/%&><]+$\n                    title: Name\n                    description: The name of the flow\n                    examples:\n                      - my-flow\n              tags:\n                allOf:\n                  - items:\n                      type: string\n                    type: array\n                    title: Tags\n                    description: A list of flow tags\n                    examples:\n                      - - tag-1\n                        - tag-2\n              labels:\n                allOf:\n                  - anyOf:\n                      - additionalProperties:\n                          anyOf:\n                            - type: boolean\n                            - type: integer\n                            - type: number\n                            - type: string\n                        type: object\n                      - type: 'null'\n                    title: Labels\n                    description: >-\n                      A dictionary of key-value labels. Values can be strings,\n                      numbers, or booleans.\n                    examples:\n                      - key: value1\n                        key2: 42\n            required: true\n            title: FlowCreate\n            description: Data used by the Prefect REST API to create a flow.\n            refIdentifier: '#/components/schemas/FlowCreate'\n            requiredProperties:\n              - name\n            additionalProperties: false\n        examples:\n          example:\n            value:\n              name: my-flow\n              tags:\n                - tag-1\n                - tag-2\n              labels:\n                key: value1\n                key2: 42\n  response:\n    '200':\n      application/json:\n        schemaArray:\n          - type: object\n            properties:\n              id:\n                allOf:\n                  - type: string\n                    format: uuid\n                    title: Id\n              created:\n                allOf:\n                  - anyOf:\n                      - type: string\n                        format: date-time\n                      - type: 'null'\n                    title: Created\n              updated:\n                allOf:\n                  - anyOf:\n                      - type: string\n                        format: date-time\n                      - type: 'null'\n                    title: Updated\n              name:\n                allOf:\n                  - type: string\n                    pattern: ^[^/%&><]+$\n                   ", 'id': 'doc_0ebc6ae1-884b-4471-80c6-1cc06d55eb4f', 'score': 0.3802631}]}, data={'query': 'how to create a flow', 'namespace': 'prefect-docs-for-mcp', 'results': [{'snippet': "# Create Flow\n\n> Gracefully creates a new flow from the provided schema. If a flow with the\nsame name already exists, the existing flow is returned.\n\nFor more information, see https://docs.prefect.io/v3/concepts/flows.\n\n## OpenAPI\n\n````yaml post /api/flows/\npaths:\n  path: /api/flows/\n  method: post\n  request:\n    security: []\n    parameters:\n      path: {}\n      query: {}\n      header:\n        x-prefect-api-version:\n          schema:\n            - type: string\n              required: false\n              title: X-Prefect-Api-Version\n      cookie: {}\n    body:\n      application/json:\n        schemaArray:\n          - type: object\n            properties:\n              name:\n                allOf:\n                  - type: string\n                    pattern: ^[^/%&><]+$\n                    title: Name\n                    description: The name of the flow\n                    examples:\n                      - my-flow\n              tags:\n                allOf:\n                  - items:\n                      type: string\n                    type: array\n                    title: Tags\n                    description: A list of flow tags\n                    examples:\n                      - - tag-1\n                        - tag-2\n              labels:\n                allOf:\n                  - anyOf:\n                      - additionalProperties:\n                          anyOf:\n                            - type: boolean\n                            - type: integer\n                            - type: number\n                            - type: string\n                        type: object\n                      - type: 'null'\n                    title: Labels\n                    description: >-\n                      A dictionary of key-value labels. Values can be strings,\n                      numbers, or booleans.\n                    examples:\n                      - key: value1\n                        key2: 42\n            required: true\n            title: FlowCreate\n            description: Data used by the Prefect REST API to create a flow.\n            refIdentifier: '#/components/schemas/FlowCreate'\n            requiredProperties:\n              - name\n            additionalProperties: false\n        examples:\n          example:\n            value:\n              name: my-flow\n              tags:\n                - tag-1\n                - tag-2\n              labels:\n                key: value1\n                key2: 42\n  response:\n    '200':\n      application/json:\n        schemaArray:\n          - type: object\n            properties:\n              id:\n                allOf:\n                  - type: string\n                    format: uuid\n                    title: Id\n              created:\n                allOf:\n                  - anyOf:\n                      - type: string\n                        format: date-time\n                      - type: 'null'\n                    title: Created\n              updated:\n                allOf:\n                  - anyOf:\n                      - type: string\n                        format: date-time\n                      - type: 'null'\n                    title: Updated\n              name:\n                allOf:\n                  - type: string\n                    pattern: ^[^/%&><]+$\n                   ", 'id': 'doc_0ebc6ae1-884b-4471-80c6-1cc06d55eb4f', 'score': 0.3802631}]}, is_error=False)
# ---
